11111
123
123123123
123456789a
123456a
12345a
123654
12qwaszx
131313
159753
18atcskd2w
1g2w3e4r
3rjs1la7qe
5201314
777777
789456
789456123
a12345
a123456
alexander
amanda
andrea
andrew
angela
angels
anthony
arsenal
asd123
asdf
asdf1234
asdfasdf
asshole
austin
azerty
babygirl1
banana
bandit
barney
baseball
batman
benjamin
brandon
buster
canada
carlos
caroline
casper
charlie
cheese
chelsea
chester
chicken
chocolate
christian
cocacola
cookie
creative
crystal
danielle
december
dexter
diamond
elephant
ferrari
flower
football1
forever
FQRG7CS493
freedom
friends
fuckyou1
gabriel
garfield
george
ginger
google
gwerty
gwerty123
hannah
harley
heather
hello
hockey
hunter
iloveyou1
internet
j38ifUbn
jackson
jasmine
jasper
jennifer
jonathan
jordan
joseph
joshua
junior
justin
killer
letmein
linkedin
liverpool
london
love
love123
maggie
martin
master
matrix
matthew
maverick
melissa
mercedes
merlin
metallica
michael1
michelle
mickey
midnight
monkey1
monster
morgan
mother
mustang
mynoob
myspace1
nicholas
nicole
nirvana
november
oliver
orange
parker
passw0rd
patricia
patrick
pepper
phoenix
pokemon
prince
princess1
purple
q1w2e3r4
qwerty1
qwertyui
qweryuiop
rabbit
rachel
rainbow
ranger
richard
robert
samantha
samuel
sandra
scooter
scorpion
secret
security
silver
slipknot
snoopy
soccer
sophie
spider
spiderman
starwars
stella
steven
success
summer
system
target123
taylor
tennis
test
thomas
thunder
tigger
tinkle
toor
trustno1
veronica
victor
victoria
welcome
whatever
william
xxxxxx
yellow
zag12wsx
